ASxxxx Linker V03.00 + NoICE + sdld,  page 1.
Hexadecimal  [32-Bits]

Area                                    Addr        Size        Decimal Bytes (Attributes)
--------------------------------        ----        ----        ------- ----- ------------
CABS                                00000000    00000000 =           0. bytes (ABS,CON,CODE)

      Value  Global                              Global Defined In Module
      -----  --------------------------------   ------------------------
C:   FFFFFF00  s_BSEG                          
C:   00000000  l_BIT_BANK                      
C:   00000000  l_BSEG                          
C:   00000000  l_BSEG_BYTES                    
C:   00000000  l_CABS                          
C:   00000000  l_CONST                         
C:   00000000  l_GSINIT                        
C:   00000000  l_GSINIT1                       
C:   00000000  l_GSINIT5                       
C:   00000000  l_IABS                          
C:   00000000  l_ISEG                          
C:   00000000  l_PSEG                          
C:   00000000  l_REG_BANK_1                    
C:   00000000  l_REG_BANK_2                    
C:   00000000  l_REG_BANK_3                    
C:   00000000  l_RSEG                          
C:   00000000  l_RSEG0                         
C:   00000000  l_RSEG1                         
C:   00000000  l_XABS                          
C:   00000000  l_XINIT                         
C:   00000000  l_XISEG                         
C:   00000000  l_XSEG                          
C:   00000000  l__CODE                         
C:   00000000  s_BSEG_BYTES                    
C:   00000000  s_CABS                          
C:   00000000  s_DSEG                          
C:   00000000  s_HOME                          
C:   00000000  s_IABS                          
C:   00000000  s_ISEG                          
C:   00000000  s_PSEG                          
C:   00000000  s_REG_BANK_0                    
C:   00000000  s_RSEG                          
C:   00000000  s_RSEG0                         
C:   00000000  s_RSEG1                         
C:   00000000  s_XABS                          
C:   00000000  s_XISEG                         
C:   00000000  s_XSEG                          
C:   00000003  l_GSFINAL                       
C:   00000003  l_GSINIT0                       
C:   00000006  l_HOME                          
C:   00000006  s_GSINIT0                       
C:   00000008  l_REG_BANK_0                    
C:   00000008  s_REG_BANK_1                    
C:   00000009  s_GSINIT1                       
C:   00000009  s_GSINIT2                       
C:   0000000A  l_GSINIT2                       
C:   0000000C  l_OSEG                          
C:   00000010  s_REG_BANK_2                    
C:   00000013  s_GSINIT3                       
C:   00000018  s_BIT_BANK                      
ASxxxx Linker V03.00 + NoICE + sdld,  page 2.
Hexadecimal  [32-Bits]

Area                                    Addr        Size        Decimal Bytes (Attributes)
--------------------------------        ----        ----        ------- ----- ------------
CABS                                00000000    00000000 =           0. bytes (ABS,CON,CODE)

      Value  Global                              Global Defined In Module
      -----  --------------------------------   ------------------------
C:   00000018  s_REG_BANK_3                    
C:   00000020  s__CODE                         
C:   00000022  l_GSINIT3                       
C:   0000002A  l_GSINIT4                       
C:   00000035  s_GSINIT4                       
C:   0000003A  s_OSEG                          
C:   00000046  s_SSEG                          
C:   0000005F  s_GSFINAL                       
C:   0000005F  s_GSINIT                        
C:   0000005F  s_GSINIT5                       
C:   00000062  s_CSEG                          
C:   00000080  l_DSEG                          
C:   000000BA  l_SSEG                          
C:   00000100  l_IRAM                          
C:   0000014F  l_CSEG                          
C:   000001B1  s_CONST                         
C:   000001B1  s_XINIT                         

ASxxxx Linker V03.00 + NoICE + sdld,  page 3.
Hexadecimal  [32-Bits]

Area                                    Addr        Size        Decimal Bytes (Attributes)
--------------------------------        ----        ----        ------- ----- ------------
.  .ABS.                            00000000    00000000 =           0. bytes (ABS,CON)

      Value  Global                              Global Defined In Module
      -----  --------------------------------   ------------------------
     00000000  .__.ABS.                           _startup
     00000080  _P0                                sort
     00000080  _P0_0                              sort
     00000081  _P0_1                              sort
     00000081  _SP                                sort
     00000082  _DPL                               sort
     00000082  _P0_2                              sort
     00000083  _DPH                               sort
     00000083  _P0_3                              sort
     00000084  _P0_4                              sort
     00000085  _P0_5                              sort
     00000086  _P0_6                              sort
     00000087  _P0_7                              sort
     00000087  _PCON                              sort
     00000088  _IT0                               sort
     00000088  _TCON                              sort
     00000089  _IE0                               sort
     00000089  _TMOD                              sort
     0000008A  _IT1                               sort
     0000008A  _TL0                               sort
     0000008B  _IE1                               sort
     0000008B  _TL1                               sort
     0000008C  _TH0                               sort
     0000008C  _TR0                               sort
     0000008D  _TF0                               sort
     0000008D  _TH1                               sort
     0000008E  _TR1                               sort
     0000008F  _TF1                               sort
     00000090  _P1                                sort
     00000090  _P1_0                              sort
     00000091  _P1_1                              sort
     00000092  _P1_2                              sort
     00000093  _P1_3                              sort
     00000094  _P1_4                              sort
     00000095  _P1_5                              sort
     00000096  _P1_6                              sort
     00000097  _P1_7                              sort
     00000098  _RI                                sort
     00000098  _SCON                              sort
     00000099  _SBUF                              sort
     00000099  _TI                                sort
     0000009A  _RB8                               sort
     0000009B  _TB8                               sort
     0000009C  _REN                               sort
     0000009D  _SM2                               sort
     0000009E  _SM1                               sort
     0000009F  _SM0                               sort
     000000A0  _P2                                sort
     000000A0  _P2_0                              sort
     000000A0  __XPAGE                            
ASxxxx Linker V03.00 + NoICE + sdld,  page 4.
Hexadecimal  [32-Bits]

Area                                    Addr        Size        Decimal Bytes (Attributes)
--------------------------------        ----        ----        ------- ----- ------------
.  .ABS.                            00000000    00000000 =           0. bytes (ABS,CON)

      Value  Global                              Global Defined In Module
      -----  --------------------------------   ------------------------
     000000A1  _P2_1                              sort
     000000A2  _P2_2                              sort
     000000A3  _P2_3                              sort
     000000A4  _P2_4                              sort
     000000A5  _P2_5                              sort
     000000A6  _P2_6                              sort
     000000A7  _P2_7                              sort
     000000A8  _EX0                               sort
     000000A8  _IE                                sort
     000000A9  _ET0                               sort
     000000AA  _EX1                               sort
     000000AB  _ET1                               sort
     000000AC  _ES                                sort
     000000AD  _ET2                               sort
     000000AF  _EA                                sort
     000000B0  _P3                                sort
     000000B0  _P3_0                              sort
     000000B0  _RXD                               sort
     000000B1  _P3_1                              sort
     000000B1  _TXD                               sort
     000000B2  _INT0                              sort
     000000B2  _P3_2                              sort
     000000B3  _INT1                              sort
     000000B3  _P3_3                              sort
     000000B4  _P3_4                              sort
     000000B4  _T0                                sort
     000000B5  _P3_5                              sort
     000000B5  _T1                                sort
     000000B6  _P3_6                              sort
     000000B6  _WR                                sort
     000000B7  _P3_7                              sort
     000000B7  _RD                                sort
     000000B8  _IP                                sort
     000000B8  _PX0                               sort
     000000B9  _PT0                               sort
     000000BA  _PX1                               sort
     000000BB  _PT1                               sort
     000000BC  _PS                                sort
     000000BD  _PT2                               sort
     000000C8  _CP_RL2                            sort
     000000C8  _T2CON                             sort
     000000C8  _T2CON_0                           sort
     000000C9  _C_T2                              sort
     000000C9  _T2CON_1                           sort
     000000CA  _RCAP2L                            sort
     000000CA  _T2CON_2                           sort
     000000CA  _TR2                               sort
     000000CB  _EXEN2                             sort
     000000CB  _RCAP2H                            sort
     000000CB  _T2CON_3                           sort
     000000CC  _T2CON_4                           sort
ASxxxx Linker V03.00 + NoICE + sdld,  page 5.
Hexadecimal  [32-Bits]

Area                                    Addr        Size        Decimal Bytes (Attributes)
--------------------------------        ----        ----        ------- ----- ------------
.  .ABS.                            00000000    00000000 =           0. bytes (ABS,CON)

      Value  Global                              Global Defined In Module
      -----  --------------------------------   ------------------------
     000000CC  _TCLK                              sort
     000000CC  _TL2                               sort
     000000CD  _RCLK                              sort
     000000CD  _T2CON_5                           sort
     000000CD  _TH2                               sort
     000000CE  _EXF2                              sort
     000000CE  _T2CON_6                           sort
     000000CF  _T2CON_7                           sort
     000000CF  _TF2                               sort
     000000D0  _P                                 sort
     000000D0  _PSW                               sort
     000000D1  _F1                                sort
     000000D2  _OV                                sort
     000000D3  _RS0                               sort
     000000D4  _RS1                               sort
     000000D5  _F0                                sort
     000000D6  _AC                                sort
     000000D7  _CY                                sort
     000000E0  _ACC                               sort
     000000F0  _B                                 sort
     000000F5  _B_5                               _gptrget
     000000F6  _B_6                               _gptrget
     000000F7  _B_7                               _gptrget

ASxxxx Linker V03.00 + NoICE + sdld,  page 6.
Hexadecimal  [32-Bits]

Area                                    Addr        Size        Decimal Bytes (Attributes)
--------------------------------        ----        ----        ------- ----- ------------
REG_BANK_0                          00000000    00000008 =           8. bytes (REL,OVR)

      Value  Global                              Global Defined In Module
      -----  --------------------------------   ------------------------
ASxxxx Linker V03.00 + NoICE + sdld,  page 7.
Hexadecimal  [32-Bits]

Area                                    Addr        Size        Decimal Bytes (Attributes)
--------------------------------        ----        ----        ------- ----- ------------
DSEG                                00000000    00000080 =         128. bytes (REL,CON)

      Value  Global                              Global Defined In Module
      -----  --------------------------------   ------------------------
     00000008  _array                             sort

ASxxxx Linker V03.00 + NoICE + sdld,  page 8.
Hexadecimal  [32-Bits]

Area                                    Addr        Size        Decimal Bytes (Attributes)
--------------------------------        ----        ----        ------- ----- ------------
OSEG                                0000003A    0000000C =          12. bytes (REL,OVR)

      Value  Global                              Global Defined In Module
      -----  --------------------------------   ------------------------
     0000003A  __gptrput_PARM_2                   _gptrput
     0000003A  _bubble_sort_PARM_2                sort

ASxxxx Linker V03.00 + NoICE + sdld,  page 9.
Hexadecimal  [32-Bits]

Area                                    Addr        Size        Decimal Bytes (Attributes)
--------------------------------        ----        ----        ------- ----- ------------
SSEG                                00000046    000000BA =         186. bytes (REL,OVR)

      Value  Global                              Global Defined In Module
      -----  --------------------------------   ------------------------
     00000046  __start__stack                     sort

ASxxxx Linker V03.00 + NoICE + sdld,  page 10.
Hexadecimal  [32-Bits]

Area                                    Addr        Size        Decimal Bytes (Attributes)
--------------------------------        ----        ----        ------- ----- ------------
HOME                                00000000    00000006 =           6. bytes (REL,CON,CODE)

      Value  Global                              Global Defined In Module
      -----  --------------------------------   ------------------------
C:   00000003  __sdcc_program_startup             sort

ASxxxx Linker V03.00 + NoICE + sdld,  page 11.
Hexadecimal  [32-Bits]

Area                                    Addr        Size        Decimal Bytes (Attributes)
--------------------------------        ----        ----        ------- ----- ------------
GSINIT0                             00000006    00000003 =           3. bytes (REL,CON,CODE)

      Value  Global                              Global Defined In Module
      -----  --------------------------------   ------------------------
C:   00000006  __sdcc_gsinit_startup              

ASxxxx Linker V03.00 + NoICE + sdld,  page 12.
Hexadecimal  [32-Bits]

Area                                    Addr        Size        Decimal Bytes (Attributes)
--------------------------------        ----        ----        ------- ----- ------------
GSINIT2                             00000009    0000000A =          10. bytes (REL,CON,CODE)

      Value  Global                              Global Defined In Module
      -----  --------------------------------   ------------------------
ASxxxx Linker V03.00 + NoICE + sdld,  page 13.
Hexadecimal  [32-Bits]

Area                                    Addr        Size        Decimal Bytes (Attributes)
--------------------------------        ----        ----        ------- ----- ------------
GSINIT3                             00000013    00000022 =          34. bytes (REL,CON,CODE)

      Value  Global                              Global Defined In Module
      -----  --------------------------------   ------------------------
C:   00000013  __mcs51_genXINIT                   

ASxxxx Linker V03.00 + NoICE + sdld,  page 14.
Hexadecimal  [32-Bits]

Area                                    Addr        Size        Decimal Bytes (Attributes)
--------------------------------        ----        ----        ------- ----- ------------
GSINIT4                             00000035    0000002A =          42. bytes (REL,CON,CODE)

      Value  Global                              Global Defined In Module
      -----  --------------------------------   ------------------------
C:   00000035  __mcs51_genRAMCLEAR                
C:   0000003B  __mcs51_genXRAMCLEAR               

ASxxxx Linker V03.00 + NoICE + sdld,  page 15.
Hexadecimal  [32-Bits]

Area                                    Addr        Size        Decimal Bytes (Attributes)
--------------------------------        ----        ----        ------- ----- ------------
GSFINAL                             0000005F    00000003 =           3. bytes (REL,CON,CODE)

      Value  Global                              Global Defined In Module
      -----  --------------------------------   ------------------------
ASxxxx Linker V03.00 + NoICE + sdld,  page 16.
Hexadecimal  [32-Bits]

Area                                    Addr        Size        Decimal Bytes (Attributes)
--------------------------------        ----        ----        ------- ----- ------------
CSEG                                00000062    0000014F =         335. bytes (REL,CON,CODE)

      Value  Global                              Global Defined In Module
      -----  --------------------------------   ------------------------
C:   00000062  _main                              sort
C:   000000A7  _bubble_sort                       sort
C:   00000176  __gptrput                          _gptrput
C:   00000191  __gptrget                          _gptrget
C:   000001AD  __sdcc_external_startup            _startup

ASxxxx Linker V03.00 + NoICE + sdld,  page 17.

Files Linked                              [ module(s) ]

sort.rel                                  [  ]


Libraries Linked                          [ object file ]

/usr/bin/../share/sdcc/lib/small/mcs51.lib
                                          [ crtclear.rel ]
/usr/bin/../share/sdcc/lib/small/mcs51.lib
                                          [ crtxinit.rel ]
/usr/bin/../share/sdcc/lib/small/libsdcc.lib
                                          [ _gptrput.rel ]
/usr/bin/../share/sdcc/lib/small/mcs51.lib
                                          [ crtxclear.rel ]
/usr/bin/../share/sdcc/lib/small/mcs51.lib
                                          [ crtpagesfr.rel ]
/usr/bin/../share/sdcc/lib/small/mcs51.lib
                                          [ crtstart.rel ]
/usr/bin/../share/sdcc/lib/small/libsdcc.lib
                                          [ _gptrget.rel ]
/usr/bin/../share/sdcc/lib/small/libsdcc.lib
                                          [ _startup.rel ]

ASxxxx Linker V03.00 + NoICE + sdld,  page 18.

User Base Address Definitions

HOME = 0x0000
ISEG = 0x0000
BSEG = 0x0000

